// Jest Snapshot v1, https://goo.gl/fbAQLP

exports[`interpreter/functions#html returns an object with the correct structure 1`] = `
Object {
  "as": "visualization",
  "type": "render",
  "value": Object {
    "visConfig": Object {
      "fontSize": 12,
      "html": "hello <b>HTML</b>",
      "openLinksInNewTab": true,
    },
    "visType": "html",
  },
}
`;
